package main

import "fmt"

const WHO = "godown"

func main() {
	msg := sayhello(WHO)
	fmt.Println(msg)
}

func sayhello(who string) string {
	msg := fmt.Sprintf("Hello, %s!", who)
	return msg
}

// This file is generated from "hello.go.md" by godown.
// https://github.com/hirokistring/godown
